<?php
//passes:Default,ReindentEnumBlocks,PSR2KeywordsLowerCase
//version:8.0.0
enum Status {
	case PUBLIC;
	case PROTECTED;
	case PRIVATE;
}

enum Status: int {
	case Public = 0;
	case Foo = 1;
	case Protected = 2;
	case Private = 3;
}