<?php
//passes:AutoSemicolon
//version:7.0.0
$instance = new class {}
$instance = new class {}