<?php
//passes:AutoSemicolon
$this->ticket->messages
	->each(function () {
		match (true) {
		};
	});
