<?php
//passes:ReindentEnumBlocks
//version:8.1.0
enum ExampleEnum {
	/**
	 * Note.
	 */
	case Foo;
	# Note.
	case Bar;
	// Note.
	case Qux;
}

enum ExampleEnum2: string {
	/**
	 * Note.
	 */
	case Foo = 'a';
	# Note.
	case Bar = 'b';
	// Note.
	case Qux = 'c';
}