<?php
//passes:SpaceAroundParentheses
if ( ( $min <= $cart_item['data']->get_weight() ) && ($cart_item['data']->get_weight() < $max ) ) {
}